{
  "checkedAt": "2026-10-01T17:00:43.753Z",
  "applicationVersion": "OPS-R3.1.3-worktree",
  "phase": "AFTER",
  "fixture": {
    "competitionId": "cmuprqb7a0000s71gcqo41y55",
    "refereeId": "cmuprnde5001qf21giybqsoqb",
    "records": [
      {
        "matchId": "cmuprqb7k0001s71gnjamhaw2",
        "appointmentId": "cmuprqb7t0002s71gjajp4w7i",
        "label": "原比赛已完成"
      },
      {
        "matchId": "cmuprqb7w0006s71gt6zmsaqm",
        "appointmentId": "cmuprqb7y0007s71gm8bw0brq",
        "label": "原比赛仍已安排"
      }
    ]
  },
  "adminHistoryVisible": true,
  "adminHistoryVisibleRecords": 2,
  "memberHistoryReviewLabels": 2,
  "memberHistoryVisibleRecords": 2,
  "statisticsReviewVisible": true,
  "verifiedStatisticsMatches": 0,
  "unverifiedRecords": 2,
  "originalFacts": [
    {
      "matchId": "cmuprqb7k0001s71gnjamhaw2",
      "appointmentId": "cmuprqb7t0002s71gjajp4w7i",
      "label": "原比赛已完成",
      "match": {
        "status": "COMPLETED",
        "homeScore": null,
        "awayScore": null,
        "resultVersion": 0,
        "resultConfirmedAt": null
      },
      "versions": 2,
      "audits": 0
    },
    {
      "matchId": "cmuprqb7w0006s71gt6zmsaqm",
      "appointmentId": "cmuprqb7y0007s71gm8bw0brq",
      "label": "原比赛仍已安排",
      "match": {
        "status": "SCHEDULED",
        "homeScore": null,
        "awayScore": null,
        "resultVersion": 0,
        "resultConfirmedAt": null
      },
      "versions": 2,
      "audits": 0
    }
  ],
  "originalFactsPreserved": true
}
PASS legacy records remain visible without fabricated scores or confirmed-count inflation.
