PASS npm run test:ops-r3-1-2
PASS npm run test:referee-match-deletion
PASS npm run test:competition-import
PASS npm run test:competition-import:http
PASS npm run test:unified-admin-r1
PASS npm run test:unified-admin-r1-2
PASS npm run test:unified-admin-rbac
PASS npm run test:referee-flow
PASS npm run test:referee-r1
PASS npm run test:referee-r1-3a
PASS npm run test:referee-fix2
PASS npm run test:referee-fix3
PASS npm run test:referee-fix5
PASS npm run test:admin-operations-r2
PASS npm run test:admin-operations-r2.1
PASS npm run test:referee-r1-3a:migration:fresh
PASS npm run test:unified-admin-migration
PASS npm run test:admin-operations-r2:migration
PASS npm run test:security-csv
PASS npm run test:security-admission
PASS npm run test:security-appointments
PASS npm run test:security-api-errors
PASS npm run test:team-directory-r1
PASS npm run test:team-directory-r1-1
PASS npm run test:public-competition-dynamic
PASS npm run test:public-competition-dynamic:http
PASS npm run check:unicode
PASS npm run lint
